mode: set
github.com/projectcalico/calico/cni-plugin/pkg/dataplane/windows/hns_types.go:66.49,68.31 2 1
github.com/projectcalico/calico/cni-plugin/pkg/dataplane/windows/hns_types.go:68.31,73.3 4 1
github.com/projectcalico/calico/cni-plugin/pkg/dataplane/windows/hns_types.go:74.2,77.12 4 1
github.com/projectcalico/calico/cni-plugin/pkg/dataplane/windows/hns_types.go:86.101,91.21 4 1
github.com/projectcalico/calico/cni-plugin/pkg/dataplane/windows/hns_types.go:91.21,93.3 1 1
github.com/projectcalico/calico/cni-plugin/pkg/dataplane/windows/hns_types.go:95.2,95.39 1 1
github.com/projectcalico/calico/cni-plugin/pkg/dataplane/windows/hns_types.go:95.39,97.3 1 1
github.com/projectcalico/calico/cni-plugin/pkg/dataplane/windows/hns_types.go:99.2,100.36 2 1
github.com/projectcalico/calico/cni-plugin/pkg/dataplane/windows/hns_types.go:100.36,101.77 1 1
github.com/projectcalico/calico/cni-plugin/pkg/dataplane/windows/hns_types.go:101.77,103.9 2 1
github.com/projectcalico/calico/cni-plugin/pkg/dataplane/windows/hns_types.go:106.2,106.14 1 1
github.com/projectcalico/calico/cni-plugin/pkg/dataplane/windows/hns_types.go:106.14,108.3 1 0
github.com/projectcalico/calico/cni-plugin/pkg/dataplane/windows/hns_types.go:110.2,110.21 1 1
github.com/projectcalico/calico/cni-plugin/pkg/dataplane/windows/hns_types.go:110.21,114.37 4 1
github.com/projectcalico/calico/cni-plugin/pkg/dataplane/windows/hns_types.go:114.37,115.63 1 1
github.com/projectcalico/calico/cni-plugin/pkg/dataplane/windows/hns_types.go:115.63,117.10 2 1
github.com/projectcalico/calico/cni-plugin/pkg/dataplane/windows/hns_types.go:120.3,120.15 1 1
github.com/projectcalico/calico/cni-plugin/pkg/dataplane/windows/hns_types.go:120.15,122.4 1 0
github.com/projectcalico/calico/cni-plugin/pkg/dataplane/windows/hns_types.go:125.2,125.14 1 1
github.com/projectcalico/calico/cni-plugin/pkg/dataplane/windows/hns_types.go:129.159,134.23 4 1
github.com/projectcalico/calico/cni-plugin/pkg/dataplane/windows/hns_types.go:134.23,135.66 1 1
github.com/projectcalico/calico/cni-plugin/pkg/dataplane/windows/hns_types.go:135.66,138.4 2 1
github.com/projectcalico/calico/cni-plugin/pkg/dataplane/windows/hns_types.go:141.2,141.19 1 1
github.com/projectcalico/calico/cni-plugin/pkg/dataplane/windows/hns_types.go:141.19,142.24 1 1
github.com/projectcalico/calico/cni-plugin/pkg/dataplane/windows/hns_types.go:142.24,152.49 2 1
github.com/projectcalico/calico/cni-plugin/pkg/dataplane/windows/hns_types.go:152.49,155.5 2 0
github.com/projectcalico/calico/cni-plugin/pkg/dataplane/windows/hns_types.go:155.10,158.5 2 1
github.com/projectcalico/calico/cni-plugin/pkg/dataplane/windows/hns_types.go:162.2,162.19 1 1
github.com/projectcalico/calico/cni-plugin/pkg/dataplane/windows/hns_types.go:162.19,163.80 1 1
github.com/projectcalico/calico/cni-plugin/pkg/dataplane/windows/hns_types.go:163.80,165.42 2 1
github.com/projectcalico/calico/cni-plugin/pkg/dataplane/windows/hns_types.go:165.42,167.5 1 0
github.com/projectcalico/calico/cni-plugin/pkg/dataplane/windows/hns_types.go:167.10,169.5 1 1
github.com/projectcalico/calico/cni-plugin/pkg/dataplane/windows/hns_types.go:172.3,181.22 4 1
github.com/projectcalico/calico/cni-plugin/pkg/dataplane/windows/hns_types.go:181.22,187.4 2 1
github.com/projectcalico/calico/cni-plugin/pkg/dataplane/windows/hns_types.go:189.3,194.22 2 1
github.com/projectcalico/calico/cni-plugin/pkg/dataplane/windows/hns_types.go:194.22,196.4 1 1
github.com/projectcalico/calico/cni-plugin/pkg/dataplane/windows/hns_types.go:198.3,199.17 2 1
github.com/projectcalico/calico/cni-plugin/pkg/dataplane/windows/hns_types.go:199.17,202.4 2 0
github.com/projectcalico/calico/cni-plugin/pkg/dataplane/windows/hns_types.go:204.3,206.45 3 1
github.com/projectcalico/calico/cni-plugin/pkg/dataplane/windows/hns_types.go:206.45,208.24 2 1
github.com/projectcalico/calico/cni-plugin/pkg/dataplane/windows/hns_types.go:208.24,209.10 1 1
github.com/projectcalico/calico/cni-plugin/pkg/dataplane/windows/hns_types.go:211.4,212.30 2 1
github.com/projectcalico/calico/cni-plugin/pkg/dataplane/windows/hns_types.go:212.30,214.5 1 1
github.com/projectcalico/calico/cni-plugin/pkg/dataplane/windows/hns_types.go:215.4,216.21 2 1
github.com/projectcalico/calico/cni-plugin/pkg/dataplane/windows/hns_types.go:218.3,218.23 1 1
github.com/projectcalico/calico/cni-plugin/pkg/dataplane/windows/hns_types.go:218.23,221.4 2 1
github.com/projectcalico/calico/cni-plugin/pkg/dataplane/windows/hns_types.go:222.3,222.75 1 1
github.com/projectcalico/calico/cni-plugin/pkg/dataplane/windows/hns_types.go:224.2,224.24 1 1
github.com/projectcalico/calico/cni-plugin/pkg/dataplane/windows/hns_types.go:228.165,234.24 5 0
github.com/projectcalico/calico/cni-plugin/pkg/dataplane/windows/hns_types.go:234.24,235.52 1 0
github.com/projectcalico/calico/cni-plugin/pkg/dataplane/windows/hns_types.go:235.52,236.49 1 0
github.com/projectcalico/calico/cni-plugin/pkg/dataplane/windows/hns_types.go:236.49,239.5 2 0
github.com/projectcalico/calico/cni-plugin/pkg/dataplane/windows/hns_types.go:240.4,241.21 2 0
github.com/projectcalico/calico/cni-plugin/pkg/dataplane/windows/hns_types.go:242.9,242.91 1 0
github.com/projectcalico/calico/cni-plugin/pkg/dataplane/windows/hns_types.go:242.91,244.4 1 0
github.com/projectcalico/calico/cni-plugin/pkg/dataplane/windows/hns_types.go:244.9,247.4 1 0
github.com/projectcalico/calico/cni-plugin/pkg/dataplane/windows/hns_types.go:250.2,250.24 1 0
github.com/projectcalico/calico/cni-plugin/pkg/dataplane/windows/hns_types.go:250.24,257.45 2 0
github.com/projectcalico/calico/cni-plugin/pkg/dataplane/windows/hns_types.go:257.45,259.40 2 0
github.com/projectcalico/calico/cni-plugin/pkg/dataplane/windows/hns_types.go:259.40,262.10 3 0
github.com/projectcalico/calico/cni-plugin/pkg/dataplane/windows/hns_types.go:266.3,270.17 5 0
github.com/projectcalico/calico/cni-plugin/pkg/dataplane/windows/hns_types.go:270.17,273.4 2 0
github.com/projectcalico/calico/cni-plugin/pkg/dataplane/windows/hns_types.go:274.3,275.75 2 0
github.com/projectcalico/calico/cni-plugin/pkg/dataplane/windows/hns_types.go:278.2,278.20 1 0
github.com/projectcalico/calico/cni-plugin/pkg/dataplane/windows/hns_types.go:278.20,279.55 1 0
github.com/projectcalico/calico/cni-plugin/pkg/dataplane/windows/hns_types.go:279.55,282.4 2 0
github.com/projectcalico/calico/cni-plugin/pkg/dataplane/windows/hns_types.go:283.3,283.64 1 0
github.com/projectcalico/calico/cni-plugin/pkg/dataplane/windows/hns_types.go:285.2,285.25 1 0
github.com/projectcalico/calico/cni-plugin/pkg/dataplane/windows/hns_types.go:291.97,293.29 2 0
github.com/projectcalico/calico/cni-plugin/pkg/dataplane/windows/hns_types.go:293.29,295.17 2 0
github.com/projectcalico/calico/cni-plugin/pkg/dataplane/windows/hns_types.go:295.17,296.12 1 0
github.com/projectcalico/calico/cni-plugin/pkg/dataplane/windows/hns_types.go:300.3,300.27 1 0
github.com/projectcalico/calico/cni-plugin/pkg/dataplane/windows/hns_types.go:300.27,301.12 1 0
github.com/projectcalico/calico/cni-plugin/pkg/dataplane/windows/hns_types.go:303.3,304.27 2 0
github.com/projectcalico/calico/cni-plugin/pkg/dataplane/windows/hns_types.go:304.27,306.4 1 0
github.com/projectcalico/calico/cni-plugin/pkg/dataplane/windows/hns_types.go:308.2,308.27 1 0
github.com/projectcalico/calico/cni-plugin/pkg/dataplane/windows/hns_types.go:312.66,317.2 4 0
github.com/projectcalico/calico/cni-plugin/pkg/dataplane/windows/hns_types.go:320.41,322.16 2 1
github.com/projectcalico/calico/cni-plugin/pkg/dataplane/windows/hns_types.go:322.16,323.54 1 0
github.com/projectcalico/calico/cni-plugin/pkg/dataplane/windows/hns_types.go:325.2,325.10 1 1
